bankssts                                 1093    757   2023  2.722 0.490     0.090     0.016        6     0.6
caudalanteriorcingulate                  1233    820   2527  2.665 0.681     0.133     0.019       17     0.9
caudalmiddlefrontal                      2460   1663   5209  2.948 0.494     0.113     0.020       19     2.0
cuneus                                   2196   1455   2742  1.836 0.548     0.141     0.032       30     3.2
entorhinal                                401    291   1622  3.582 0.518     0.125     0.037        4     0.4
fusiform                                 4412   3066   8803  2.693 0.560     0.129     0.026       57     4.8
inferiorparietal                         7433   5097  15948  2.789 0.479     0.126     0.026       89     7.8
inferiortemporal                         4470   3130  11158  3.032 0.593     0.138     0.032       63     6.1
isthmuscingulate                         1234    804   2148  2.471 0.784     0.123     0.030       17     1.2
lateraloccipital                         8164   5370  12720  2.209 0.556     0.137     0.032      108    10.9
lateralorbitofrontal                     3451   2478   8140  3.050 0.652     0.136     0.032       46     4.8
lingual                                  4288   2865   6211  2.059 0.588     0.137     0.036       59     6.8
medialorbitofrontal                      2942   2114   6204  2.769 0.709     0.128     0.025       41     2.9
middletemporal                           4674   3264  11673  2.956 0.613     0.132     0.030       66     5.6
parahippocampal                          1025    685   2048  2.708 0.616     0.087     0.020        8     0.5
paracentral                              2350   1540   4061  2.525 0.466     0.113     0.027       21     2.6
parsopercularis                          1934   1308   4189  3.003 0.424     0.118     0.023       18     1.7
parsorbitalis                            1427    927   3521  3.005 0.617     0.130     0.027       17     1.7
parstriangularis                         2737   1820   5444  2.717 0.475     0.117     0.022       30     2.4
pericalcarine                            2047   1330   2034  1.739 0.524     0.115     0.026       16     1.9
postcentral                              6142   3852   9495  2.235 0.699     0.102     0.021       47     5.2
posteriorcingulate                       1750   1235   3561  2.589 0.605     0.138     0.026       25     1.9
precentral                               7510   4654  14845  2.886 0.649     0.104     0.022       58     6.6
precuneus                                6046   4064  10801  2.553 0.512     0.115     0.022       57     5.5
rostralanteriorcingulate                 1146    768   2577  2.980 0.613     0.123     0.023       15     1.0
rostralmiddlefrontal                     8635   5764  17419  2.662 0.502     0.130     0.028      107    10.0
superiorfrontal                          9025   6116  21291  3.101 0.543     0.120     0.026       84     9.1
superiorparietal                         7999   5231  14187  2.445 0.536     0.120     0.023       86     6.9
superiortemporal                         5200   3533  11570  2.993 0.574     0.112     0.022       51     4.9
supramarginal                            5482   3730  11213  2.787 0.528     0.124     0.024       60     5.7
frontalpole                               477    324   1209  2.662 0.455     0.148     0.031        8     0.6
temporalpole                              450    333   2010  4.039 0.416     0.165     0.047        6     0.9
transversetemporal                        551    334    863  2.461 0.550     0.118     0.025        5     0.5
insula                                   3925   2571   8173  3.223 0.783     0.105     0.025       37     3.5
