% testdata2: <surf area> <gray vol> <thick mean> <thick var> <integ rect. mean curv> <integ rect. Gauss curv> <fold index> <intr curv ind>
88942	248214	2.544	0.913	0.120	0.026	1490	138.6
