Total vertex volume 248214 (mask=0)
number of vertices                      = 133093
total surface area                      = 88942 mm^2
total gray matter volume                = 248214 mm^3
average cortical thickness              = 2.544 mm +- 0.913 mm
average integrated rectified mean curvature     = 0.120
average integrated rectified Gaussian curvature = 0.026
folding index                           = 1490
intrinsic curvature index               = 138.6
