Total vertex volume 247638 (mask=0)
number of vertices                      = 132026
total surface area                      = 88616 mm^2
total gray matter volume                = 247638 mm^3
average cortical thickness              = 2.565 mm +- 0.881 mm
average integrated rectified mean curvature     = 0.120
average integrated rectified Gaussian curvature = 0.026
folding index                           = 1433
intrinsic curvature index               = 137.3
